Timeline Length: 49
[OVA] One Piece: Defeat the Pirate Ganzack!
[TV] ONE PIECE
[MOVIE] ONE PIECE: The Movie
[SPECIAL] One Piece: Umi no Heso no Daibouken-hen
[MOVIE] One Piece: Clockwork Island Adventure
[SPECIAL] One Piece: Django's Dance Carnival
[MOVIE] One Piece: ChopperΓÇÖs Kingdom on the Island of Strange Animals
[SPECIAL] ONE PIECE: Yume no Soccer Ou!
[MOVIE] One Piece The Movie: The Dead End Adventure
[SPECIAL] One Piece Special: Open Upon the Great Sea! A Father's Huge, HUGE Dream!
[SPECIAL] One Piece Special: Protect! The Last Great Performance
[MOVIE] One Piece: The Curse of the Sacred Sword
[SPECIAL] ONE PIECE: Mezase! Kaizoku Yakyuu Ou
[MOVIE] One Piece: Baron Omatsuri and the Secret Island
[SPECIAL] One Piece Special: The Detective Memoirs of Chief Straw Hat Luffy
[MOVIE] One Piece: Mega Mecha Soldier of Karakuri Castle
[MOVIE] One Piece: The Desert Princess and the Pirates, Adventures in Alabasta
[MOVIE] One Piece: Episode Of Chopper +: The Miracle Winter Cherry Blossom
[OVA] One Piece: Romance Dawn Story
[MOVIE] One Piece Film: Strong World
[OVA] ONE PIECE FILM: STRONG WORLD - EPISODE:0
[MOVIE] One Piece 3D: Mugiwara Chase
[SPECIAL] ONE PIECE: Episode of Alabasta - Sabaku no Oujo to Kaizoku-tachi
[MOVIE] ONE PIECE 3D: Gekisou! Trap Coaster
[SPECIAL] ONE PIECE: Episode of Nami - Koukaishi no Namida to Nakama no Kizuna
[MOVIE] One Piece Film: Z
[SPECIAL] One Piece: Episode of Luffy - Hand Island Adventure
[SPECIAL] ONE PIECE FILM: Z - GLORIOUS ISLAND
[SPECIAL] One Piece: Episode of Merry - The Tale of One More Friend
[SPECIAL] One Piece 3D2Y: Overcome AceΓÇÖs Death! LuffyΓÇÖs Vow to his Friends
[SPECIAL] One Piece - Episode of Sabo: Bond of Three Brothers - A Miraculous Reunion and an Inherited Will
[SPECIAL] One Piece: Adventure of Nebulandia
[SPECIAL] ONE PIECE FILM: GOLD - episode 0 711ver.
[SPECIAL] One Piece: Heart of Gold
[MOVIE] One Piece Film: Gold
[MOVIE] The Great Tongari Island Treasure Hunting Adventure
[SPECIAL] One Piece: Episode of East Blue
[SPECIAL] One Piece: Episode of Skypiea
[MOVIE] One Piece: Stampede
[MOVIE] One Piece Film: Red
[ONA] MONSTERS: 103 Mercies Dragon Damnation
[SPECIAL] ONE PIECE FAN LETTER
[TV] One Piece Log: Fish-Man Island Saga
[SPECIAL] ONE PIECE: Original Episode/Luffy, Law
[ONA] Koisuru ONE PIECE
[SPECIAL] ONE PIECE in LOVE: ONE PIECE DAYΓÇÖ25 Festival Eve Special
[TV_SHORT] CHOPPER's
[SPECIAL] ONE PIECE HEROINES
[null] THE ONE PIECE
